// Jest Snapshot v1, https://goo.gl/fbAQLP

exports[`<CredCardStudentName /> should match the previous snapshot of the component tests that the component has not changed and matched the previous snapshot 1`] = `
<div
  className="StyledGrommet-sc-19lkkz7-0 iDwiuh"
>
  <div
    className="sc-EHOje eSogAa"
  >
    <h3>
      testing
    </h3>
  </div>
</div>
`;
