// Jest Snapshot v1, https://goo.gl/fbAQLP

exports[`<CredCardViewBtn /> should match the previous snapshot of the component tests that the component has not changed and matched the previous snapshot 1`] = `
<div
  className="StyledGrommet-sc-19lkkz7-0 iDwiuh"
>
  <div
    className="sc-EHOje hWneJQ"
  >
    <button
      aria-label="view credentials button"
      className="sc-bdVaJa sc-bZQynM loBWCV StyledButton-sc-323bzc-0 kHrfdt"
      onBlur={[Function]}
      onClick={[MockFunction]}
      onFocus={[Function]}
      onMouseOut={[Function]}
      onMouseOver={[Function]}
      type="button"
    >
      View
    </button>
  </div>
</div>
`;
