// Jest Snapshot v1, https://goo.gl/fbAQLP

exports[`<DashboardLoading /> should match the previous snapshot of the component tests that the component has not changed and matched the previous snapshot 1`] = `
<div
  className="StyledGrommet-sc-19lkkz7-0 iDwiuh"
>
  <div
    className="sc-bZQynM foLbtC"
  >
    <div
      className="StyledGrid-sc-1wofa1l-0 gFgmqz"
    >
      <div
        className="sc-EHOje fCtvTT StyledBox-sc-13pk1d4-0 bjbrBv"
      />
      <div
        className="sc-EHOje fCtvTT StyledBox-sc-13pk1d4-0 eVxtVF"
      />
      <div
        className="sc-EHOje fCtvTT StyledBox-sc-13pk1d4-0 uOYyC"
      />
      <div
        className="sc-EHOje fCtvTT StyledBox-sc-13pk1d4-0 gvfGEG"
      />
      <div
        className="sc-EHOje fCtvTT StyledBox-sc-13pk1d4-0 kNCNnG"
      />
    </div>
  </div>
</div>
`;
