// Jest Snapshot v1, https://goo.gl/fbAQLP

exports[`<Footer /> should match the previous snapshot of the component tests that the component has not changed and matched the previous snapshot 1`] = `
<div
  className="StyledGrommet-sc-19lkkz7-0 iDwiuh"
>
  <div
    className="sc-EHOje jibMrV"
  >
    <p>
      Â© Stampd 2019
    </p>
  </div>
</div>
`;
