// Jest Snapshot v1, https://goo.gl/fbAQLP

exports[`<Landing /> should match the previous snapshot of the component tests that the component has not changed and matched the previous snapshot 1`] = `
<div
  className="StyledGrommet-sc-19lkkz7-0 iDwiuh"
>
  <main
    className="sc-EHOje cTUAzB"
  >
    <div>
      <div
        className="landing-img"
      >
        <img
          alt=""
          draggable="false"
          src="stampdbackground.svg"
        />
      </div>
      <div
        className="cta-container"
      >
        <div
          className="cta-text"
        >
          <h1>
            Easy. Verified. Blockchain.
            <br />
            Issue credentials with
            <span>
               Stampd
            </span>
          </h1>
        </div>
        <button
          className="sc-bdVaJa bDWFJH StyledButton-sc-323bzc-0 aNlbA"
          onBlur={[Function]}
          onClick={[Function]}
          onFocus={[Function]}
          onMouseOut={[Function]}
          onMouseOver={[Function]}
          size="xlarge"
          type="button"
        >
          Get Started
        </button>
      </div>
    </div>
  </main>
</div>
`;
