// Jest Snapshot v1, https://goo.gl/fbAQLP

exports[`<Onboard /> should match the previous snapshot of the component tests that the component has not changed and matched the previous snapshot 1`] = `
<div
  className="StyledGrommet-sc-19lkkz7-0 iDwiuh"
>
  <main
    className="sc-EHOje bjJUkB"
  >
    <div>
      <h2>
        Choose Account Type
      </h2>
      <button
        className="sc-bdVaJa bDWFJH StyledButton-sc-323bzc-0 kHrfdt"
        onBlur={[Function]}
        onClick={[Function]}
        onFocus={[Function]}
        onMouseOut={[Function]}
        onMouseOver={[Function]}
        type="button"
      >
        School
      </button>
      <button
        className="sc-bdVaJa bDWFJH StyledButton-sc-323bzc-0 kHrfdt"
        onBlur={[Function]}
        onClick={[Function]}
        onFocus={[Function]}
        onMouseOut={[Function]}
        onMouseOver={[Function]}
        type="button"
      >
        Student
      </button>
    </div>
  </main>
</div>
`;
