// Jest Snapshot v1, https://goo.gl/fbAQLP

exports[`<SchoolDetailsForm /> should match the previous snapshot of the component tests that the component has not changed and matched the previous snapshot 1`] = `
<div
  className="StyledGrommet-sc-19lkkz7-0 iDwiuh"
>
  <form
    className="sc-htpNat sc-EHOje hyxSzg"
    onReset={[Function]}
    onSubmit={[Function]}
  >
    <div
      className="StyledBox-sc-13pk1d4-0 IRSNj"
    >
      <h1
        className="StyledHeading-sc-1rdh4aw-0 ePLjJY"
      >
        School Register
      </h1>
      <div
        className="sc-ifAKCX sc-htoDjs NRMgl FormField__FormFieldBox-m9hood-0 eshLKp StyledBox-sc-13pk1d4-0 CAsMy"
      >
        <label
          className="StyledText-sc-1sadyjn-0 bKLvLm"
        >
          Institution
        </label>
        <div
          className="StyledBox-sc-13pk1d4-0 gZSidW"
        >
          <div
            className="StyledTextInput__StyledTextInputContainer-sc-1x30a0s-1 kYQCpm"
          >
            <input
              autoComplete="off"
              className="sc-bxivhb sc-gzVnrw bBtqGg StyledTextInput-sc-1x30a0s-0 duvNfq"
              name="name"
              onBlur={[Function]}
              onChange={[Function]}
              onFocus={[Function]}
              onKeyDown={[Function]}
              placeholder="Lambda School"
              required={true}
              value=""
            />
          </div>
        </div>
      </div>
      <div
        className="sc-ifAKCX sc-htoDjs NRMgl FormField__FormFieldBox-m9hood-0 eshLKp StyledBox-sc-13pk1d4-0 CAsMy"
      >
        <label
          className="StyledText-sc-1sadyjn-0 bKLvLm"
        >
          Tax Id
        </label>
        <div
          className="StyledBox-sc-13pk1d4-0 gZSidW"
        >
          <div
            className="StyledTextInput__StyledTextInputContainer-sc-1x30a0s-1 kYQCpm"
          >
            <input
              autoComplete="off"
              className="sc-bxivhb sc-gzVnrw bBtqGg StyledTextInput-sc-1x30a0s-0 duvNfq"
              name="taxId"
              onBlur={[Function]}
              onChange={[Function]}
              onFocus={[Function]}
              onKeyDown={[Function]}
              placeholder="TaxId"
              required={true}
              value=""
            />
          </div>
        </div>
      </div>
      <div
        className="sc-ifAKCX sc-htoDjs NRMgl FormField__FormFieldBox-m9hood-0 eshLKp StyledBox-sc-13pk1d4-0 CAsMy"
      >
        <label
          className="StyledText-sc-1sadyjn-0 bKLvLm"
        >
          Address 1
        </label>
        <div
          className="StyledBox-sc-13pk1d4-0 gZSidW"
        >
          <div
            className="StyledTextInput__StyledTextInputContainer-sc-1x30a0s-1 kYQCpm"
          >
            <input
              autoComplete="off"
              className="sc-bxivhb sc-gzVnrw bBtqGg StyledTextInput-sc-1x30a0s-0 duvNfq"
              name="street1"
              onBlur={[Function]}
              onChange={[Function]}
              onFocus={[Function]}
              onKeyDown={[Function]}
              placeholder="123 Fake street"
              value=""
            />
          </div>
        </div>
      </div>
      <div
        className="sc-ifAKCX sc-htoDjs NRMgl FormField__FormFieldBox-m9hood-0 eshLKp StyledBox-sc-13pk1d4-0 CAsMy"
      >
        <label
          className="StyledText-sc-1sadyjn-0 bKLvLm"
        >
          Address 2
        </label>
        <div
          className="StyledBox-sc-13pk1d4-0 gZSidW"
        >
          <div
            className="StyledTextInput__StyledTextInputContainer-sc-1x30a0s-1 kYQCpm"
          >
            <input
              autoComplete="off"
              className="sc-bxivhb sc-gzVnrw bBtqGg StyledTextInput-sc-1x30a0s-0 duvNfq"
              name="street2"
              onBlur={[Function]}
              onChange={[Function]}
              onFocus={[Function]}
              onKeyDown={[Function]}
              placeholder="Apt B"
              value=""
            />
          </div>
        </div>
      </div>
      <div
        className="sc-ifAKCX sc-htoDjs NRMgl FormField__FormFieldBox-m9hood-0 eshLKp StyledBox-sc-13pk1d4-0 CAsMy"
      >
        <label
          className="StyledText-sc-1sadyjn-0 bKLvLm"
        >
          City
        </label>
        <div
          className="StyledBox-sc-13pk1d4-0 gZSidW"
        >
          <div
            className="StyledTextInput__StyledTextInputContainer-sc-1x30a0s-1 kYQCpm"
          >
            <input
              autoComplete="off"
              className="sc-bxivhb sc-gzVnrw bBtqGg StyledTextInput-sc-1x30a0s-0 duvNfq"
              name="city"
              onBlur={[Function]}
              onChange={[Function]}
              onFocus={[Function]}
              onKeyDown={[Function]}
              placeholder="San Francisco"
              value=""
            />
          </div>
        </div>
      </div>
      <div
        className="sc-ifAKCX sc-htoDjs NRMgl FormField__FormFieldBox-m9hood-0 eshLKp StyledBox-sc-13pk1d4-0 CAsMy"
      >
        <label
          className="StyledText-sc-1sadyjn-0 bKLvLm"
        >
          State
        </label>
        <div
          className="StyledBox-sc-13pk1d4-0 gZSidW"
        >
          <button
            aria-label="Open Drop"
            className="Select__StyledSelectDropButton-sc-17idtfo-1 cvpccN StyledButton-sc-323bzc-0 jfbKsv"
            onBlur={[Function]}
            onClick={[Function]}
            onFocus={[Function]}
            onKeyDown={[Function]}
            onMouseOut={[Function]}
            onMouseOver={[Function]}
            type="button"
          >
            <div
              className="StyledBox-sc-13pk1d4-0 erazuK"
            >
              <div
                className="StyledBox-sc-13pk1d4-0 XINUX"
              >
                <div
                  className="StyledTextInput__StyledTextInputContainer-sc-1x30a0s-1 kYQCpm"
                >
                  <input
                    autoComplete="off"
                    className="Select__SelectTextInput-sc-17idtfo-0 lmyIUy StyledTextInput-sc-1x30a0s-0 duvNfq"
                    label="State"
                    name="state"
                    onBlur={[Function]}
                    onChange={[Function]}
                    onClick={[Function]}
                    onFocus={[Function]}
                    onKeyDown={[Function]}
                    placeholder="State"
                    readOnly={true}
                    tabIndex="-1"
                    type="text"
                    value=""
                  />
                </div>
              </div>
              <div
                className="StyledBox-sc-13pk1d4-0 eLQtUu"
                style={
                  Object {
                    "minWidth": "auto",
                  }
                }
              >
                <svg
                  aria-label="FormDown"
                  className="StyledIcon-ofa7kd-0 dSllCE"
                  viewBox="0 0 24 24"
                >
                  <polyline
                    fill="none"
                    points="18 9 12 15 6 9"
                    stroke="#000"
                    strokeWidth="2"
                  />
                </svg>
              </div>
            </div>
          </button>
        </div>
      </div>
      <div
        className="sc-ifAKCX sc-htoDjs NRMgl FormField__FormFieldBox-m9hood-0 eshLKp StyledBox-sc-13pk1d4-0 CAsMy"
      >
        <label
          className="StyledText-sc-1sadyjn-0 bKLvLm"
        >
          Zip Code
        </label>
        <div
          className="StyledBox-sc-13pk1d4-0 gZSidW"
        >
          <div
            className="StyledTextInput__StyledTextInputContainer-sc-1x30a0s-1 kYQCpm"
          >
            <input
              autoComplete="off"
              className="sc-bxivhb sc-gzVnrw bBtqGg StyledTextInput-sc-1x30a0s-0 duvNfq"
              name="zip"
              onBlur={[Function]}
              onChange={[Function]}
              onFocus={[Function]}
              onKeyDown={[Function]}
              placeholder="90210"
              value=""
            />
          </div>
        </div>
      </div>
      <div
        className="sc-ifAKCX sc-htoDjs NRMgl FormField__FormFieldBox-m9hood-0 eshLKp StyledBox-sc-13pk1d4-0 CAsMy"
      >
        <label
          className="StyledText-sc-1sadyjn-0 bKLvLm"
        >
          Phone Number
        </label>
        <div
          className="StyledBox-sc-13pk1d4-0 gZSidW"
        >
          <div
            className="StyledMaskedInput__StyledMaskedInputContainer-sc-99vkfa-1 kyyRCm"
          >
            <input
              autoComplete="off"
              className="sc-dnqmqq djyQej StyledMaskedInput-sc-99vkfa-0 kedzFm"
              name="phone"
              onBlur={[Function]}
              onChange={[Function]}
              onFocus={[Function]}
              onKeyDown={[Function]}
              placeholder="(xxx) xxx-xxxx"
              required={true}
              value=""
            />
          </div>
        </div>
      </div>
      <div
        className="sc-ifAKCX sc-htoDjs NRMgl FormField__FormFieldBox-m9hood-0 eshLKp StyledBox-sc-13pk1d4-0 CAsMy"
      >
        <label
          className="StyledText-sc-1sadyjn-0 bKLvLm"
        >
          Type of Institution
        </label>
        <div
          className="StyledBox-sc-13pk1d4-0 gZSidW"
        >
          <div
            className="StyledTextInput__StyledTextInputContainer-sc-1x30a0s-1 kYQCpm"
          >
            <input
              autoComplete="off"
              className="sc-bxivhb sc-gzVnrw bBtqGg StyledTextInput-sc-1x30a0s-0 duvNfq"
              name="type"
              onBlur={[Function]}
              onChange={[Function]}
              onFocus={[Function]}
              onKeyDown={[Function]}
              placeholder="University"
              value=""
            />
          </div>
        </div>
      </div>
      <div
        className="sc-ifAKCX sc-htoDjs NRMgl FormField__FormFieldBox-m9hood-0 eshLKp StyledBox-sc-13pk1d4-0 CAsMy"
      >
        <label
          className="StyledText-sc-1sadyjn-0 bKLvLm"
        >
          Institution Website
        </label>
        <div
          className="StyledBox-sc-13pk1d4-0 gZSidW"
        >
          <div
            className="StyledTextInput__StyledTextInputContainer-sc-1x30a0s-1 kYQCpm"
          >
            <input
              autoComplete="off"
              className="sc-bxivhb sc-gzVnrw bBtqGg StyledTextInput-sc-1x30a0s-0 duvNfq"
              name="url"
              onBlur={[Function]}
              onChange={[Function]}
              onFocus={[Function]}
              onKeyDown={[Function]}
              placeholder="ls.dev"
              required={true}
              value=""
            />
          </div>
        </div>
      </div>
      <button
        className="sc-bdVaJa sc-bZQynM iMOZtP StyledButton-sc-323bzc-0 jLEySZ"
        onBlur={[Function]}
        onFocus={[Function]}
        onMouseOut={[Function]}
        onMouseOver={[Function]}
        type="submit"
      >
        Submit
      </button>
    </div>
  </form>
</div>
`;
